// Jest Snapshot v1, https://goo.gl/fbAQLP

exports[`StyledButton render correctly 1`] = `
.c0.c0 {
  height: 100%;
  width: 100%;
}

<button
  className="ant-btn c0 ant-btn-primary"
  onClick={[Function]}
  type="button"
/>
`;
