// Jest Snapshot v1, https://goo.gl/fbAQLP

exports[`StyledAvatar render correctly 1`] = `
<svg
  style={
    Object {
      "position": "absolute",
      "right": "8%",
      "top": "15px",
    }
  }
>
  ProfileIcons.svg
</svg>
`;
