// Jest Snapshot v1, https://goo.gl/fbAQLP

exports[`StyledCardDeck render correctly 1`] = `
.c0.c0 {
  margin: 8px;
  font-weight: bold;
  width: 94px;
  height: 94px;
  border-radius: 17px;
}

.c0.c0 > .ant-card-body {
  display: -webkit-box;
  display: -webkit-flex;
  display: -ms-flexbox;
  display: flex;
  -webkit-align-items: center;
  -webkit-box-align: center;
  -ms-flex-align: center;
  align-items: center;
  -webkit-box-pack: center;
  -webkit-justify-content: center;
  -ms-flex-pack: center;
  justify-content: center;
  padding: 5px 5px;
  height: 100%;
  overflow: hidden;
  text-overflow: ellipsis;
}

<div
  className="ant-card c0 ant-card-bordered ant-card-type-inner"
>
  <div
    className="ant-card-body"
    style={Object {}}
  />
</div>
`;
