// Jest Snapshot v1, https://goo.gl/fbAQLP

exports[`StyledContainer render correctly 1`] = `
.c0 {
  margin: 0 auto;
  min-height: 100%;
  position: absolute;
  width: 100%;
  max-height: 100vh;
  max-width: 700px;
  display: -webkit-box;
  display: -webkit-flex;
  display: -ms-flexbox;
  display: flex;
  -webkit-box-pack: center;
  -webkit-justify-content: center;
  -ms-flex-pack: center;
  justify-content: center;
  overflow-y: scroll;
}

.c0::-webkit-scrollbar {
  width: 0;
}

<div
  className="c0"
/>
`;
