// Jest Snapshot v1, https://goo.gl/fbAQLP

exports[`Button renderer correctly 1`] = `
.c0.c0 {
  border: 0;
  color: black;
}

<button
  className="ant-btn c0 ant-btn-primary"
  onClick={[Function]}
  type="button"
/>
`;
