// Jest Snapshot v1, https://goo.gl/fbAQLP

exports[`Synaps Brain renders correctly 1`] = `
<div>
   
  <h1>
    Synaps Brain
  </h1>
   
</div>
`;
