// Jest Snapshot v1, https://goo.gl/fbAQLP

exports[`SmallLogo render correctly 1`] = `
.c0 {
  margin: 121px auto 0 auto;
}

<div
  className="c0"
>
  <img
    alt="Logo"
    src="smalllogo.png"
  />
</div>
`;
